[www.menada-winery.com/en.html]
[backblue.gif]
[fade.gif]
[index.html]
[www.menada-winery.com/images/menada-winery-og_image.jpg]
[www.menada-winery.com/index.html]
[www.menada-winery.com/images/favicon.ico]
[www.menada-winery.com/images/fav-16x16.png]
[www.menada-winery.com/images/fav-32x32.png]
[www.menada-winery.com/images/fav-96x96.png]
[www.menada-winery.com/images/preloaderMenada.gif]
[www.menada-winery.com/images/homepage/age-check.jpg]
[www.menada-winery.com/images/homepage/age-check-side-leaf.jpg]
[www.menada-winery.com/images/homepage/age-check-menada-logo-new.png]
[www.menada-winery.com/images/homepage/age-check-text-bg.jpg]
[www.menada-winery.com/images/homepage/footer-image.png]
[www.menada-winery.com/images/homepage/hm_labeldd3f.png]
[www.menada-winery.com/images/homepage/menadamarkW3.png]
[www.menada-winery.com/images/homepage/menada-logo-header-new.png]
[www.menada-winery.com/images/menu/home-bg.jpg]
[www.menada-winery.com/images/menu/menada-logo-header-new.png]
[www.menada-winery.com/images/menu/about-bg.jpg]
[www.menada-winery.com/en/about.html]
[www.menada-winery.com/images/menu/history-bg.jpg]
[www.menada-winery.com/en/history.html]
[www.menada-winery.com/images/menu/region.jpg]
[www.menada-winery.com/en/region.html]
[www.menada-winery.com/en/products.html]
[www.menada-winery.com/images/menu/tcherga-bottles.png]
[www.menada-winery.com/en/products/tcherga.html]
[www.menada-winery.com/images/menu/menada-bottles.png]
[www.menada-winery.com/en/products/menada.html]
[www.menada-winery.com/images/menu/gin-logo.png]
[www.menada-winery.com/images/menu/gin-2.png]
[www.menada-winery.com/en/products/albions-gin.html]
[www.menada-winery.com/images/menu/zarska-logo.png]
[www.menada-winery.com/images/menu/zarska-bottles.png]
[www.menada-winery.com/en/products/zaarska.html]
[www.menada-winery.com/images/menu/tcherga-muscat-logo.png]
[www.menada-winery.com/images/menu/rakia-multiple-bottles.png]
[www.menada-winery.com/en/products/tcherga-rakiq.html]
[www.menada-winery.com/images/menu/products-bg.jpg]
[www.menada-winery.com/en/products/other.html]
[www.menada-winery.com/images/menu/life-style-bg.jpg]
[www.menada-winery.com/en/lifestyle.html]
[www.menada-winery.com/images/menu/recipes-bg.jpg]
[www.menada-winery.com/en/recipes.html]
[www.menada-winery.com/en/contacts.html]
[www.menada-winery.com/images/homepage/right-leaf.jpg]
[www.menada-winery.com/video/lista-bg.jpg]
[www.menada-winery.com/images/homepage/white-grape.png]
[www.menada-winery.com/images/homepage/homepage-hero-bg.jpg]
[www.menada-winery.com/images/posters/preview14d.jpg]
[www.menada-winery.com/images/homepage/menada-bottle-s.png]
[www.menada-winery.com/images/homepage/menada-bottle-t.png]
[www.menada-winery.com/images/homepage/menada-bottle-c.png]
[www.menada-winery.com/images/homepage/menada-bottle-m.png]
[www.menada-winery.com/images/homepage/menada-bottle-r.png]
[www.menada-winery.com/images/homepage/menada-bottle-c-red.png]
[www.menada-winery.com/images/homepage/menada-bottle-m-red.png]
[www.menada-winery.com/images/homepage/menada-bottle-m-violet.png]
[www.menada-winery.com/images/homepage/home-intro-video-bg-white-grape.jpg]
[www.menada-winery.com/images/homepage/video-player-bg.jpg]
[www.menada-winery.com/images/posters/litlevid.jpg]
[www.menada-winery.com/images/homepage/small-white-grape.png]
[www.menada-winery.com/images/homepage/single-white-grape.png]
[www.menada-winery.com/images/homepage/left-leaf-bg.png]
[www.menada-winery.com/images/homepage/about-bg.jpg]
[www.menada-winery.com/images/homepage/dadova-large-bg.jpg]
[www.menada-winery.com/images/homepage/dadova-large-bottle.png]
[www.menada-winery.com/images/homepage/dadova-logo.png]
[www.menada-winery.com/images/homepage/grid-item-bottom-bg.jpg]
[www.menada-winery.com/images/homepage/tcherga-bottle-bg-large.jpg]
[www.menada-winery.com/images/homepage/tcherga-bottle-white.png]
[www.menada-winery.com/images/homepage/menada-bottle.png]
[www.menada-winery.com/images/homepage/region-title-bg.jpg]
[www.menada-winery.com/images/homepage/item-bg.png]
[www.menada-winery.com/images/homepage/bulgaria-map.png]
[www.menada-winery.com/images/homepage/region-menada-bg.png]
[www.menada-winery.com/images/posters/zanimaciq.jpg]
[www.menada-winery.com/images/homepage/glass.png]
[www.menada-winery.com/images/homepage/wine-item-bg.jpg]
[www.menada-winery.com/attachments/Recipe/10/main/cucumber_thumb-list.jpg]
[www.menada-winery.com/en/recipes/cucumber-cocktail.html]
[www.menada-winery.com/attachments/Recipe/9/main/watermelon_thumb-list.jpg]
[www.menada-winery.com/en/recipes/sangria-with-watermelon-and-raspberry.html]
[www.menada-winery.com/images/homepage/wine-hands.png]
[www.menada-winery.com/en/terms.html]
[www.menada-winery.com/en/cookies.html]
[www.menada-winery.com/en/whistleblowing.html]
[www.menada-winery.com/images/homepage/footer-logo-mb.png]
[www.google.com/recaptcha/api.js]
[www.menada-winery.com/js/main414b.js]
[www.menada-winery.com/en.html]
[www.menada-winery.com/about.html]
[www.menada-winery.com/history.html]
[www.menada-winery.com/region.html]
[www.menada-winery.com/products.html]
[www.menada-winery.com/products/tcherga.html]
[www.menada-winery.com/products/menada.html]
[www.menada-winery.com/products/albions-gin.html]
[www.menada-winery.com/products/zaarska.html]
[www.menada-winery.com/products/tcherga-rakiq.html]
[www.menada-winery.com/products/other.html]
[www.menada-winery.com/lifestyle.html]
[www.menada-winery.com/recipes.html]
[www.menada-winery.com/contacts.html]
[www.menada-winery.com/recipes/cucumber-cocktail.html]
[www.menada-winery.com/recipes/sangria-with-watermelon-and-raspberry.html]
[www.menada-winery.com/terms.html]
[www.menada-winery.com/cookies.html]
[www.menada-winery.com/whistleblowing.html]
[www.menada-winery.com/index.html]
[www.menada-winery.com/images/about/intro-leaf-bg.jpg]
[www.menada-winery.com/images/about/about-main.png]
[www.menada-winery.com/images/about/middle-bg-image.jpg]
[www.menada-winery.com/images/about/brands-bg-image.jpg]
[www.menada-winery.com/images/about/brands-bottles.png]
[www.menada-winery.com/images/about/wave-bg.png]
[www.menada-winery.com/images/about/middle-bg-image-opacity.jpg]
[www.menada-winery.com/images/about/about-map.png]
[www.menada-winery.com/en/about.html]
[www.menada-winery.com/images/history/hero-image.png]
[www.menada-winery.com/images/history/time-line-first.png]
[www.menada-winery.com/images/history/time-line-second.jpg]
[www.menada-winery.com/images/history/time-line-third.jpg]
[www.menada-winery.com/images/history/map-bg.png]
[www.menada-winery.com/images/history/factory-bg.jpg]
[www.menada-winery.com/images/history/bottles.jpg]
[www.menada-winery.com/en/history.html]
[www.menada-winery.com/images/region/bg-map-image.jpg]
[www.menada-winery.com/images/region/bg-element.png]
[www.menada-winery.com/images/region/climate-aside.jpg]
[www.menada-winery.com/images/region/temperature.png]
[www.menada-winery.com/images/region/land.png]
[www.menada-winery.com/images/region/soils-large.png]
[www.menada-winery.com/images/region/chardonnay.png]
[www.menada-winery.com/images/region/sauvignon-blanc.png]
[www.menada-winery.com/images/region/semillon.png]
[www.menada-winery.com/images/region/cabernet.png]
[www.menada-winery.com/images/region/merlot.png]
[www.menada-winery.com/images/region/franc.png]
[www.menada-winery.com/images/region/malbec.png]
[www.menada-winery.com/en/region.html]
[www.menada-winery.com/images/brands/tcherga-bg.jpg]
[www.menada-winery.com/images/brands/tcherga-bottle-white.png]
[www.menada-winery.com/images/brands/tcherga-bottle-red.png]
[www.menada-winery.com/images/brands/tcherga-bottle-rose.png]
[www.menada-winery.com/images/brands/menada-bg.jpg]
[www.menada-winery.com/images/brands/menada-merlot.png]
[www.menada-winery.com/images/brands/menada-rose.png]
[www.menada-winery.com/images/brands/menada-chardonnay-new.png]
[www.menada-winery.com/images/brands/barrique-point-bg.jpg]
[www.menada-winery.com/images/brands/barrique-point-bottle-red.png]
[www.menada-winery.com/images/brands/barrique-point-bottle-white.png]
[www.menada-winery.com/en/products/barrique-point.html]
[www.menada-winery.com/images/brands/zarska-bg-mastika.jpg]
[www.menada-winery.com/images/brands/zarska-bg-menta.png]
[www.menada-winery.com/images/brands/zarska-logo.png]
[www.menada-winery.com/images/brands/zarska-bottle-mastika-new.png]
[www.menada-winery.com/images/brands/zarska-bottle-menta-new.png]
[www.menada-winery.com/images/brands/gin-background.jpg]
[www.menada-winery.com/images/brands/gin-big-bottle.png]
[www.menada-winery.com/images/brands/tcherga-muscat-bg.jpg]
[www.menada-winery.com/images/brands/tcherga-muskatova-rakia-min.png]
[www.menada-winery.com/images/brands/diadova-usukanica-new-min.png]
[www.menada-winery.com/images/brands/diadova-usukanica-mavrudove-min.png]
[www.menada-winery.com/images/brands/diadova-usikanica-otlejala-min.png]
[www.menada-winery.com/images/brands/dqdova-logo.png]
[www.menada-winery.com/images/brands/other-bg.jpg]
[www.menada-winery.com/en/products.html]
[www.menada-winery.com/attachments/ProductCategory/1/main/tcherga-cat_thumb-cover.jpg]
[www.menada-winery.com/images/product-list/leaf-bg.jpg]
[www.menada-winery.com/attachments/ProductCategory/1/logo/tcherga-logo_2.png]
[www.menada-winery.com/attachments/Product/6/main/tcherga-white_thumb-list.png]
[www.menada-winery.com/en/products/tcherga/chardonnay-and-sauvignon-blanc-and-semillon.html]
[www.menada-winery.com/attachments/Product/65/main/cherga-white_thumb-list.png]
[www.menada-winery.com/en/products/tcherga/chardonnay-and-sauvignon-blanc-and-semillon-small.html]
[www.menada-winery.com/attachments/Product/66/main/cherga-rose_thumb-list.png]
[www.menada-winery.com/en/products/tcherga/cabernet-sauvignon-cabernet-franc-and-malbec-small.html]
[www.menada-winery.com/attachments/Product/67/main/cherga-red_thumb-list.png]
[www.menada-winery.com/en/products/tcherga/cabernet-sauvignon-and-merlot-and-syrah-small.html]
[www.menada-winery.com/attachments/Product/7/main/tcherga-rose_thumb-list.png]
[www.menada-winery.com/en/products/tcherga/cabernet-sauvignon-and-cabernet-franc-and-malbec.html]
[www.menada-winery.com/attachments/Product/8/main/tcherga-red_thumb-list.png]
[www.menada-winery.com/en/products/tcherga/cabernet-sauvignon-and-merlot-and-syrah.html]
[www.menada-winery.com/attachments/Product/44/main/tcherga-fr-souvignon-blanc_thumb-list.png]
[www.menada-winery.com/en/products/tcherga/tcherga-fragment-sauvignon-blanc.html]
[www.menada-winery.com/attachments/Product/50/main/Tcherga-BIB-white_thumb-list.png]
[www.menada-winery.com/en/products/tcherga/bag-in-box-shardone-sovinyon-blan-semiyon.html]
[www.menada-winery.com/attachments/Product/51/main/Tcherga-BIB-Rose_thumb-list.png]
[www.menada-winery.com/en/products/tcherga/bag-in-box-kaberne-sovinyon-kaberne-fran-malbek.html]
[www.menada-winery.com/attachments/Product/52/main/Tcherga-BIB-Red_thumb-list.png]
[www.menada-winery.com/en/products/tcherga/bag-in-box-kaberne-sovinyon-merlo-sira.html]
[www.menada-winery.com/attachments/Product/54/main/SB-3l_thumb-list.png]
[www.menada-winery.com/en/products/tcherga/bag-in-box-tcherga-fragment-sovinyon-blan.html]
[www.menada-winery.com/attachments/Product/45/main/tcherga-fr-rose_thumb-list.png]
[www.menada-winery.com/en/products/tcherga/tcherga-fragment-malbec.html]
[www.menada-winery.com/attachments/Product/46/main/tcherga-fr-syrah_thumb-list.png]
[www.menada-winery.com/en/products/tcherga/tcherga-fragment-syrah.html]
[www.menada-winery.com/attachments/Product/55/main/syrah-3ll_thumb-list.png]
[www.menada-winery.com/en/products/tcherga/bag-in-box-tcherga-fragment-sira.html]
[www.menada-winery.com/attachments/Product/9/main/tcherga10-white_thumb-list.png]
[www.menada-winery.com/en/products/tcherga/chardonnay-and-sauvignon-blanc-and-viognier.html]
[www.menada-winery.com/attachments/Product/10/main/tcherga10-red-2020_thumb-list.png]
[www.menada-winery.com/en/products/tcherga/merlot-and-cabernet-sauvignon-and-rubin.html]
[www.menada-winery.com/en/products/tcherga.html]
[www.menada-winery.com/attachments/ProductCategory/3/main/menada-cat_thumb-cover.jpg]
[www.menada-winery.com/attachments/ProductCategory/3/logo/menada-logo.png]
[www.menada-winery.com/attachments/Product/16/main/chardonnay-detail_thumb-list.png]
[www.menada-winery.com/en/products/menada/chardonnay.html]
[www.menada-winery.com/attachments/Product/17/main/traminer-detail_thumb-list.png]
[www.menada-winery.com/en/products/menada/traminer.html]
[www.menada-winery.com/attachments/Product/18/main/muscat-detail_thumb-list.png]
[www.menada-winery.com/en/products/menada/muscat.html]
[www.menada-winery.com/attachments/Product/19/main/sauvignon-blanc-detail_thumb-list.png]
[www.menada-winery.com/en/products/menada/sauvignon-blanc.html]
[www.menada-winery.com/attachments/Product/20/main/rose-detail_thumb-list.png]
[www.menada-winery.com/en/products/menada/cabernet-sauvignon-rose.html]
[www.menada-winery.com/attachments/Product/21/main/mavrud-detail_thumb-list.png]
[www.menada-winery.com/en/products/menada/mavrud.html]
[www.menada-winery.com/attachments/Product/22/main/merlot-detail_thumb-list.png]
[www.menada-winery.com/en/products/menada/merlot.html]
[www.menada-winery.com/attachments/Product/23/main/cabernet-detail_thumb-list.png]
[www.menada-winery.com/en/products/menada/cabernet-sauvignon.html]
[www.menada-winery.com/attachments/Product/36/main/menada-B-traminer_thumb-list.png]
[www.menada-winery.com/en/products/menada/menada-traminer.html]
[www.menada-winery.com/attachments/Product/37/main/menada-B-sauvignion-blanc_thumb-list.png]
[www.menada-winery.com/en/products/menada/menada-byalo-sovinyon-blanc.html]
[www.menada-winery.com/attachments/Product/38/main/menada-B-muscat_thumb-list.png]
[www.menada-winery.com/en/products/menada/box-byalo-muskat.html]
[www.menada-winery.com/attachments/Product/39/main/menada-B-chardonay_thumb-list.png]
[www.menada-winery.com/en/products/menada/box-byalo-shardone.html]
[www.menada-winery.com/attachments/Product/40/main/menada-B-rose_thumb-list.png]
[www.menada-winery.com/en/products/menada/box-roze.html]
[www.menada-winery.com/attachments/Product/41/main/menada-B-cabernet-sauvignon_thumb-list.png]
[www.menada-winery.com/en/products/menada/box-kaberne-sovinyon.html]
[www.menada-winery.com/attachments/Product/42/main/menada-B-mavrud_thumb-list.png]
[www.menada-winery.com/en/products/menada/box-mavrud.html]
[www.menada-winery.com/attachments/Product/43/main/menada-B-merlot_thumb-list.png]
[www.menada-winery.com/en/products/menada/box-merlo.html]
[www.menada-winery.com/attachments/Product/58/main/chardonnay_thumb-list.png]
[www.menada-winery.com/en/products/menada/chardonnay-small.html]
[www.menada-winery.com/attachments/Product/60/main/muscat_thumb-list.png]
[www.menada-winery.com/en/products/menada/muscat-small.html]
[www.menada-winery.com/attachments/Product/61/main/sauvignon-blank_thumb-list.png]
[www.menada-winery.com/en/products/menada/sauvignon-blanc-small.html]
[www.menada-winery.com/attachments/Product/62/main/rose_thumb-list.png]
[www.menada-winery.com/en/products/menada/cabernet-sauvignon-rose-small.html]
[www.menada-winery.com/attachments/Product/63/main/merlot_thumb-list.png]
[www.menada-winery.com/en/products/menada/merlot-small.html]
[www.menada-winery.com/attachments/Product/64/main/cabernet_thumb-list.png]
[www.menada-winery.com/en/products/menada/cabernet-sauvignon-small.html]
[www.menada-winery.com/en/products/menada.html]
[www.menada-winery.com/attachments/ProductCategory/9/main/inovino-cat_thumb-cover.jpg]
[www.menada-winery.com/attachments/ProductCategory/9/logo/albions-gin-1.png]
[www.menada-winery.com/attachments/Product/68/main/albion-gin-1000ml_thumb-list.png]
[www.menada-winery.com/en/products/albions-gin/albion-s-dry-gin-1000-ml.html]
[www.menada-winery.com/attachments/Product/69/main/albion-gin-700ml_thumb-list.png]
[www.menada-winery.com/en/products/albions-gin/albion-s-dry-gin-700-ml.html]
[www.menada-winery.com/attachments/Product/70/main/albion-gin-200ml_thumb-list.png]
[www.menada-winery.com/en/products/albions-gin/albion-s-dry-gin-200-ml.html]
[www.menada-winery.com/en/products/albions-gin.html]
[www.menada-winery.com/attachments/ProductCategory/6/main/zaarska-cat_thumb-cover.jpg]
[www.menada-winery.com/attachments/ProductCategory/6/logo/zarska-logo.png]
[www.menada-winery.com/attachments/Product/24/main/zaarska-mastika-detail-thumb-detail-NEW_thumb-list.png]
[www.menada-winery.com/en/products/zaarska/mastic.html]
[www.menada-winery.com/attachments/Product/25/main/zaarska-menta-detail-thumb-detail-NEW_thumb-list.png]
[www.menada-winery.com/en/products/zaarska/mint.html]
[www.menada-winery.com/en/products/zaarska.html]
[www.menada-winery.com/attachments/ProductCategory/7/main/usukanica-cat_thumb-cover.jpg]
[www.menada-winery.com/attachments/Product/27/main/tcherga-muskatova-rakia-min_thumb-list.png]
[www.menada-winery.com/en/products/tcherga-rakiq/Tcherga-rakia.html]
[www.menada-winery.com/attachments/Product/53/main/diadova-usukanica-new-min_thumb-list.png]
[www.menada-winery.com/en/products/tcherga-rakiq/dyadova-usukanitsa.html]
[www.menada-winery.com/attachments/Product/71/main/diadova-usikanica-otlejala-min_thumb-list.png]
[www.menada-winery.com/en/products/tcherga-rakiq/dyadova-usukanitsa-otlejala-rakiya.html]
[www.menada-winery.com/attachments/Product/72/main/diadova-usukanica-mavrudove-min_thumb-list.png]
[www.menada-winery.com/en/products/tcherga-rakiq/dyadova-usukanitsa-mavrudova-spetsialna-rakiya.html]
[www.menada-winery.com/en/products/tcherga-rakiq.html]
[www.menada-winery.com/attachments/ProductCategory/8/main/other-cat_thumb-cover.jpg]
[www.menada-winery.com/attachments/ProductCategory/8/logo/empty.png]
[www.menada-winery.com/attachments/Product/28/main/sakar-red_thumb-list.png]
[www.menada-winery.com/en/products/other/sacar-red-mavrud-cabernet-sauvignon.html]
[www.menada-winery.com/attachments/Product/29/main/sakar-rose_thumb-list.png]
[www.menada-winery.com/en/products/other/sakar-roze-kaberbe-sovinyon-kaberne-fran.html]
[www.menada-winery.com/attachments/Product/30/main/sakar-white_thumb-list.png]
[www.menada-winery.com/en/products/other/sakar-byalo-shardone-vionie.html]
[www.menada-winery.com/attachments/Product/31/main/uno-rose_thumb-list.png]
[www.menada-winery.com/en/products/other/uno-roze-ot-malbek.html]
[www.menada-winery.com/attachments/Product/32/main/uno-muscat_thumb-list.png]
[www.menada-winery.com/en/products/other/uno-white-muscat.html]
[www.menada-winery.com/attachments/Product/33/main/uno-chardoney_thumb-list.png]
[www.menada-winery.com/en/products/other/uno-white-chardonnay.html]
[www.menada-winery.com/attachments/Product/34/main/uno-merlot-malbec_thumb-list.png]
[www.menada-winery.com/en/products/other/uno-red-merlot-malbec.html]
[www.menada-winery.com/attachments/Product/35/main/uno-cabernet-sauvignon_thumb-list.png]
[www.menada-winery.com/en/products/other/uno-cherveno-kaberne-sovinyon.html]
[www.menada-winery.com/en/products/other.html]
[www.menada-winery.com/images/lifestyle/fullscreen-bg.jpg]
[www.menada-winery.com/images/lifestyle/main-glass.png]
[www.menada-winery.com/images/lifestyle/hands.png]
[www.menada-winery.com/images/lifestyle/bg-element.jpg]
[www.menada-winery.com/images/lifestyle/tips-number.png]
[www.menada-winery.com/images/lifestyle/tips-temp.png]
[www.menada-winery.com/images/lifestyle/party.jpg]
[www.menada-winery.com/images/lifestyle/calendar-en.gif]
[www.menada-winery.com/images/lifestyle/traditions-person.png]
[www.menada-winery.com/images/lifestyle/grid-title-bg.jpg]
[www.menada-winery.com/images/lifestyle/bottle.png]
[www.menada-winery.com/en/lifestyle.html]
[www.menada-winery.com/attachments/Recipe/8/main/rose-and-berries_thumb-list.jpg]
[www.menada-winery.com/en/recipes/rose-with-strawberries.html]
[www.menada-winery.com/attachments/Recipe/7/main/rose-margarita_thumb-list.jpg]
[www.menada-winery.com/en/recipes/rose-margarita.html]
[www.menada-winery.com/attachments/Recipe/6/main/aperol_thumb-list.jpg]
[www.menada-winery.com/en/recipes/spritz.html]
[www.menada-winery.com/attachments/Recipe/5/main/white-sangria_thumb-list.jpg]
[www.menada-winery.com/en/recipes/white-sangria.html]
[www.menada-winery.com/attachments/Recipe/4/main/sangria_thumb-list.jpg]
[www.menada-winery.com/en/recipes/red-sangria.html]
[www.menada-winery.com/attachments/Recipe/3/main/cooler_thumb-list.jpg]
[www.menada-winery.com/en/recipes/wine-coolness.html]
[www.menada-winery.com/en/recipes.html]
[www.menada-winery.com/images/contacts/leaf-bg.jpg]
[www.menada-winery.com/en/contacts.html]
[www.menada-winery.com/attachments/Recipe/10/main/cucumber_thumb-detail.jpg]
[www.menada-winery.com/images/recipes/detail-recipes-bg.png]
[www.menada-winery.com/en/recipes/cucumber-cocktail.html]
[www.menada-winery.com/attachments/Recipe/9/main/watermelon_thumb-detail.jpg]
[www.menada-winery.com/en/recipes/sangria-with-watermelon-and-raspberry.html]
[www.menada-winery.com/en/terms.html]
[www.menada-winery.com/en/cookies.html]
[www.menada-winery.com/images/lifestyle/dict-bg.jpg]
[www.menada-winery.com/images/lifestyle/pdf-image.png]
[www.menada-winery.com/attachments/Textpage/9/main/DM-Internal-rules-Whistleblowing-act-vol-2.pdf]
[www.menada-winery.com/en/whistleblowing.html]
[www.menada-winery.com/about.html]
[www.menada-winery.com/history.html]
[www.menada-winery.com/region.html]
[www.menada-winery.com/products/barrique-point.html]
[www.menada-winery.com/products.html]
[www.menada-winery.com/products/tcherga/chardonnay-and-sauvignon-blanc-and-semillon.html]
[www.menada-winery.com/products/tcherga/chardonnay-and-sauvignon-blanc-and-semillon-small.html]
[www.menada-winery.com/products/tcherga/cabernet-sauvignon-cabernet-franc-and-malbec-small.html]
[www.menada-winery.com/products/tcherga/cabernet-sauvignon-and-merlot-and-syrah-small.html]
[www.menada-winery.com/products/tcherga/cabernet-sauvignon-and-cabernet-franc-and-malbec.html]
[www.menada-winery.com/products/tcherga/cabernet-sauvignon-and-merlot-and-syrah.html]
[www.menada-winery.com/products/tcherga/tcherga-fragment-sauvignon-blanc.html]
[www.menada-winery.com/products/tcherga/bag-in-box-shardone-sovinyon-blan-semiyon.html]
[www.menada-winery.com/products/tcherga/bag-in-box-kaberne-sovinyon-kaberne-fran-malbek.html]
[www.menada-winery.com/products/tcherga/bag-in-box-kaberne-sovinyon-merlo-sira.html]
[www.menada-winery.com/products/tcherga/bag-in-box-tcherga-fragment-sovinyon-blan.html]
[www.menada-winery.com/products/tcherga/tcherga-fragment-malbec.html]
[www.menada-winery.com/products/tcherga/tcherga-fragment-syrah.html]
[www.menada-winery.com/products/tcherga/bag-in-box-tcherga-fragment-sira.html]
[www.menada-winery.com/products/tcherga/chardonnay-and-sauvignon-blanc-and-viognier.html]
[www.menada-winery.com/products/tcherga/merlot-and-cabernet-sauvignon-and-rubin.html]
[www.menada-winery.com/products/tcherga.html]
[www.menada-winery.com/products/menada/chardonnay.html]
[www.menada-winery.com/products/menada/traminer.html]
[www.menada-winery.com/products/menada/muscat.html]
[www.menada-winery.com/products/menada/sauvignon-blanc.html]
[www.menada-winery.com/products/menada/cabernet-sauvignon-rose.html]
[www.menada-winery.com/products/menada/mavrud.html]
[www.menada-winery.com/products/menada/merlot.html]
[www.menada-winery.com/products/menada/cabernet-sauvignon.html]
[www.menada-winery.com/products/menada/menada-traminer.html]
[www.menada-winery.com/products/menada/menada-byalo-sovinyon-blanc.html]
[www.menada-winery.com/products/menada/box-byalo-muskat.html]
[www.menada-winery.com/products/menada/box-byalo-shardone.html]
[www.menada-winery.com/products/menada/box-roze.html]
[www.menada-winery.com/products/menada/box-kaberne-sovinyon.html]
[www.menada-winery.com/products/menada/box-mavrud.html]
[www.menada-winery.com/products/menada/box-merlo.html]
[www.menada-winery.com/products/menada/chardonnay-small.html]
[www.menada-winery.com/products/menada/muscat-small.html]
[www.menada-winery.com/products/menada/sauvignon-blanc-small.html]
[www.menada-winery.com/products/menada/cabernet-sauvignon-rose-small.html]
[www.menada-winery.com/products/menada/merlot-small.html]
[www.menada-winery.com/products/menada/cabernet-sauvignon-small.html]
[www.menada-winery.com/products/menada.html]
[www.menada-winery.com/products/albions-gin/albion-s-dry-gin-1000-ml.html]
[www.menada-winery.com/products/albions-gin/albion-s-dry-gin-700-ml.html]
[www.menada-winery.com/products/albions-gin/albion-s-dry-gin-200-ml.html]
[www.menada-winery.com/products/albions-gin.html]
[www.menada-winery.com/products/zaarska/mastic.html]
[www.menada-winery.com/products/zaarska/mint.html]
[www.menada-winery.com/products/zaarska.html]
[www.menada-winery.com/products/tcherga-rakiq/Tcherga-rakia.html]
[www.menada-winery.com/products/tcherga-rakiq/dyadova-usukanitsa.html]
[www.menada-winery.com/products/tcherga-rakiq/dyadova-usukanitsa-otlejala-rakiya.html]
[www.menada-winery.com/products/tcherga-rakiq/dyadova-usukanitsa-mavrudova-spetsialna-rakiya.html]
[www.menada-winery.com/products/tcherga-rakiq.html]
[www.menada-winery.com/products/other/sacar-red-mavrud-cabernet-sauvignon.html]
[www.menada-winery.com/products/other/sakar-roze-kaberbe-sovinyon-kaberne-fran.html]
[www.menada-winery.com/products/other/sakar-byalo-shardone-vionie.html]
[www.menada-winery.com/products/other/uno-roze-ot-malbek.html]
[www.menada-winery.com/products/other/uno-white-muscat.html]
[www.menada-winery.com/products/other/uno-white-chardonnay.html]
[www.menada-winery.com/products/other/uno-red-merlot-malbec.html]
[www.menada-winery.com/products/other/uno-cherveno-kaberne-sovinyon.html]
[www.menada-winery.com/products/other.html]
[www.menada-winery.com/images/lifestyle/calendar-bg.gif]
[www.menada-winery.com/attachments/Textpage/2/main/Menada-vinen-rechnik.pdf]
[www.menada-winery.com/lifestyle.html]
[www.menada-winery.com/recipes/rose-with-strawberries.html]
[www.menada-winery.com/recipes/rose-margarita.html]
[www.menada-winery.com/recipes/spritz.html]
[www.menada-winery.com/recipes/white-sangria.html]
[www.menada-winery.com/recipes/red-sangria.html]
[www.menada-winery.com/recipes/wine-coolness.html]
[www.menada-winery.com/recipes.html]
[www.menada-winery.com/contacts.html]
[www.menada-winery.com/recipes/cucumber-cocktail.html]
[www.menada-winery.com/recipes/sangria-with-watermelon-and-raspberry.html]
[www.menada-winery.com/terms.html]
[www.menada-winery.com/cookies.html]
[www.menada-winery.com/whistleblowing.html]
[www.menada-winery.com/attachments/ProductCategory/5/main/barique-cat_thumb-cover.jpg]
[www.menada-winery.com/attachments/ProductCategory/5/logo/barique-point-logo2.png]
[www.menada-winery.com/attachments/Product/1/main/barique-point-white_thumb-list.png]
[www.menada-winery.com/en/products/barrique-point/chardonnay.html]
[www.menada-winery.com/attachments/Product/2/main/barique-point-red_thumb-list.png]
[www.menada-winery.com/en/products/barrique-point/cabernet-sauvignon-and-malbec-and-syrah.html]
[www.menada-winery.com/attachments/Product/48/main/barique-chardoney-sauvignon-blanc_thumb-list.png]
[www.menada-winery.com/en/products/barrique-point/barique-sauvignon-blanc-chardoney.html]
[www.menada-winery.com/attachments/Product/49/main/barique-reserve_thumb-list.png]
[www.menada-winery.com/en/products/barrique-point/syrah-cepage-reserve.html]
[www.menada-winery.com/attachments/Product/56/main/3D-Menada-BariquePoint-Rubin-2022_thumb-list.png]
[www.menada-winery.com/en/products/barrique-point/barriique-point-rubin.html]
[www.menada-winery.com/attachments/Product/57/main/3D-Menada-BariquePoint-Merlot-2022_thumb-list.png]
[www.menada-winery.com/en/products/barrique-point/merlot.html]
[www.menada-winery.com/en/products/barrique-point.html]
[www.menada-winery.com/attachments/Product/6/main/tcherga-white_thumb-detail.png]
[www.menada-winery.com/images/detail-product/leaf-bg.jpg]
[www.menada-winery.com/images/detail-product/bottle-icon.png]
[www.menada-winery.com/images/detail-product/temp-icon.png]
[www.menada-winery.com/images/detail-product/recipes-block-bg.jpg]
[www.menada-winery.com/en/products/tcherga/chardonnay-and-sauvignon-blanc-and-semillon.html]
[www.menada-winery.com/attachments/Product/65/main/cherga-white_thumb-detail.png]
[www.menada-winery.com/en/products/tcherga/chardonnay-and-sauvignon-blanc-and-semillon-small.html]
[www.menada-winery.com/attachments/Product/66/main/cherga-rose_thumb-detail.png]
[www.menada-winery.com/en/products/tcherga/cabernet-sauvignon-cabernet-franc-and-malbec-small.html]
[www.menada-winery.com/attachments/Product/67/main/cherga-red_thumb-detail.png]
[www.menada-winery.com/en/products/tcherga/cabernet-sauvignon-and-merlot-and-syrah-small.html]
[www.menada-winery.com/attachments/Product/7/main/tcherga-rose_thumb-detail.png]
[www.menada-winery.com/en/products/tcherga/cabernet-sauvignon-and-cabernet-franc-and-malbec.html]
[www.menada-winery.com/attachments/Product/8/main/tcherga-red_thumb-detail.png]
[www.menada-winery.com/en/products/tcherga/cabernet-sauvignon-and-merlot-and-syrah.html]
[www.menada-winery.com/attachments/Product/44/main/tcherga-fr-souvignon-blanc_thumb-detail.png]
[www.menada-winery.com/en/products/tcherga/tcherga-fragment-sauvignon-blanc.html]
[www.menada-winery.com/attachments/Product/50/main/Tcherga-BIB-white_thumb-detail.png]
[www.menada-winery.com/en/products/tcherga/bag-in-box-shardone-sovinyon-blan-semiyon.html]
[www.menada-winery.com/attachments/Product/51/main/Tcherga-BIB-Rose_thumb-detail.png]
[www.menada-winery.com/en/products/tcherga/bag-in-box-kaberne-sovinyon-kaberne-fran-malbek.html]
[www.menada-winery.com/attachments/Product/52/main/Tcherga-BIB-Red_thumb-detail.png]
[www.menada-winery.com/en/products/tcherga/bag-in-box-kaberne-sovinyon-merlo-sira.html]
[www.menada-winery.com/attachments/Product/54/main/SB-3l_thumb-detail.png]
[www.menada-winery.com/en/products/tcherga/bag-in-box-tcherga-fragment-sovinyon-blan.html]
[www.menada-winery.com/attachments/Product/45/main/tcherga-fr-rose_thumb-detail.png]
[www.menada-winery.com/en/products/tcherga/tcherga-fragment-malbec.html]
[www.menada-winery.com/attachments/Product/46/main/tcherga-fr-syrah_thumb-detail.png]
[www.menada-winery.com/en/products/tcherga/tcherga-fragment-syrah.html]
[www.menada-winery.com/attachments/Product/55/main/syrah-3ll_thumb-detail.png]
[www.menada-winery.com/en/products/tcherga/bag-in-box-tcherga-fragment-sira.html]
[www.menada-winery.com/attachments/Product/9/main/tcherga10-white_thumb-detail.png]
[www.menada-winery.com/en/products/tcherga/chardonnay-and-sauvignon-blanc-and-viognier.html]
[www.menada-winery.com/attachments/Product/10/main/tcherga10-red-2020_thumb-detail.png]
[www.menada-winery.com/en/products/tcherga/merlot-and-cabernet-sauvignon-and-rubin.html]
[www.menada-winery.com/attachments/Product/16/main/chardonnay-detail_thumb-detail.png]
[www.menada-winery.com/en/products/menada/chardonnay.html]
[www.menada-winery.com/attachments/Product/17/main/traminer-detail_thumb-detail.png]
[www.menada-winery.com/en/products/menada/traminer.html]
[www.menada-winery.com/attachments/Product/18/main/muscat-detail_thumb-detail.png]
[www.menada-winery.com/en/products/menada/muscat.html]
[www.menada-winery.com/attachments/Product/19/main/sauvignon-blanc-detail_thumb-detail.png]
[www.menada-winery.com/en/products/menada/sauvignon-blanc.html]
[www.menada-winery.com/attachments/Product/20/main/rose-detail_thumb-detail.png]
[www.menada-winery.com/en/products/menada/cabernet-sauvignon-rose.html]
[www.menada-winery.com/attachments/Product/21/main/mavrud-detail_thumb-detail.png]
[www.menada-winery.com/en/products/menada/mavrud.html]
[www.menada-winery.com/attachments/Product/22/main/merlot-detail_thumb-detail.png]
[www.menada-winery.com/en/products/menada/merlot.html]
[www.menada-winery.com/attachments/Product/23/main/cabernet-detail_thumb-detail.png]
[www.menada-winery.com/en/products/menada/cabernet-sauvignon.html]
[www.menada-winery.com/attachments/Product/36/main/menada-B-traminer_thumb-detail.png]
[www.menada-winery.com/en/products/menada/menada-traminer.html]
[www.menada-winery.com/attachments/Product/37/main/menada-B-sauvignion-blanc_thumb-detail.png]
[www.menada-winery.com/en/products/menada/menada-byalo-sovinyon-blanc.html]
[www.menada-winery.com/attachments/Product/38/main/menada-B-muscat_thumb-detail.png]
[www.menada-winery.com/en/products/menada/box-byalo-muskat.html]
[www.menada-winery.com/attachments/Product/39/main/menada-B-chardonay_thumb-detail.png]
[www.menada-winery.com/en/products/menada/box-byalo-shardone.html]
[www.menada-winery.com/attachments/Product/40/main/menada-B-rose_thumb-detail.png]
[www.menada-winery.com/en/products/menada/box-roze.html]
[www.menada-winery.com/attachments/Product/41/main/menada-B-cabernet-sauvignon_thumb-detail.png]
[www.menada-winery.com/en/products/menada/box-kaberne-sovinyon.html]
[www.menada-winery.com/attachments/Product/42/main/menada-B-mavrud_thumb-detail.png]
[www.menada-winery.com/en/products/menada/box-mavrud.html]
[www.menada-winery.com/attachments/Product/43/main/menada-B-merlot_thumb-detail.png]
[www.menada-winery.com/en/products/menada/box-merlo.html]
[www.menada-winery.com/attachments/Product/58/main/chardonnay_thumb-detail.png]
[www.menada-winery.com/en/products/menada/chardonnay-small.html]
[www.menada-winery.com/attachments/Product/60/main/muscat_thumb-detail.png]
[www.menada-winery.com/en/products/menada/muscat-small.html]
[www.menada-winery.com/attachments/Product/61/main/sauvignon-blank_thumb-detail.png]
[www.menada-winery.com/en/products/menada/sauvignon-blanc-small.html]
[www.menada-winery.com/attachments/Product/62/main/rose_thumb-detail.png]
[www.menada-winery.com/en/products/menada/cabernet-sauvignon-rose-small.html]
[www.menada-winery.com/attachments/Product/63/main/merlot_thumb-detail.png]
[www.menada-winery.com/en/products/menada/merlot-small.html]
[www.menada-winery.com/attachments/Product/64/main/cabernet_thumb-detail.png]
[www.menada-winery.com/en/products/menada/cabernet-sauvignon-small.html]
[www.menada-winery.com/attachments/Product/68/main/albion-gin-1000ml_thumb-detail.png]
[www.menada-winery.com/en/products/albions-gin/albion-s-dry-gin-1000-ml.html]
[www.menada-winery.com/attachments/Product/69/main/albion-gin-700ml_thumb-detail.png]
[www.menada-winery.com/en/products/albions-gin/albion-s-dry-gin-700-ml.html]
[www.menada-winery.com/attachments/Product/70/main/albion-gin-200ml_thumb-detail.png]
[www.menada-winery.com/en/products/albions-gin/albion-s-dry-gin-200-ml.html]
[www.menada-winery.com/attachments/Product/24/main/zaarska-mastika-detail-thumb-detail-NEW_thumb-detail.png]
[www.menada-winery.com/en/products/zaarska/mastic.html]
[www.menada-winery.com/attachments/Product/25/main/zaarska-menta-detail-thumb-detail-NEW_thumb-detail.png]
[www.menada-winery.com/en/products/zaarska/mint.html]
[www.menada-winery.com/attachments/Product/27/main/tcherga-muskatova-rakia-min_thumb-detail.png]
[www.menada-winery.com/en/products/tcherga-rakiq/Tcherga-rakia.html]
[www.menada-winery.com/attachments/Product/53/main/diadova-usukanica-new-min_thumb-detail.png]
[www.menada-winery.com/en/products/tcherga-rakiq/dyadova-usukanitsa.html]
[www.menada-winery.com/attachments/Product/71/main/diadova-usikanica-otlejala-min_thumb-detail.png]
[www.menada-winery.com/en/products/tcherga-rakiq/dyadova-usukanitsa-otlejala-rakiya.html]
[www.menada-winery.com/attachments/Product/72/main/diadova-usukanica-mavrudove-min_thumb-detail.png]
[www.menada-winery.com/en/products/tcherga-rakiq/dyadova-usukanitsa-mavrudova-spetsialna-rakiya.html]
[www.menada-winery.com/attachments/Product/28/main/sakar-red_thumb-detail.png]
[www.menada-winery.com/en/products/other/sacar-red-mavrud-cabernet-sauvignon.html]
[www.menada-winery.com/attachments/Product/29/main/sakar-rose_thumb-detail.png]
[www.menada-winery.com/en/products/other/sakar-roze-kaberbe-sovinyon-kaberne-fran.html]
[www.menada-winery.com/attachments/Product/30/main/sakar-white_thumb-detail.png]
[www.menada-winery.com/en/products/other/sakar-byalo-shardone-vionie.html]
[www.menada-winery.com/attachments/Product/31/main/uno-rose_thumb-detail.png]
[www.menada-winery.com/en/products/other/uno-roze-ot-malbek.html]
[www.menada-winery.com/attachments/Product/32/main/uno-muscat_thumb-detail.png]
[www.menada-winery.com/en/products/other/uno-white-muscat.html]
[www.menada-winery.com/attachments/Product/33/main/uno-chardoney_thumb-detail.png]
[www.menada-winery.com/en/products/other/uno-white-chardonnay.html]
[www.menada-winery.com/attachments/Product/34/main/uno-merlot-malbec_thumb-detail.png]
[www.menada-winery.com/en/products/other/uno-red-merlot-malbec.html]
[www.menada-winery.com/attachments/Product/35/main/uno-cabernet-sauvignon_thumb-detail.png]
[www.menada-winery.com/en/products/other/uno-cherveno-kaberne-sovinyon.html]
[www.menada-winery.com/attachments/Recipe/8/main/rose-and-berries_thumb-detail.jpg]
[www.menada-winery.com/en/recipes/rose-with-strawberries.html]
[www.menada-winery.com/attachments/Recipe/7/main/rose-margarita_thumb-detail.jpg]
[www.menada-winery.com/en/recipes/rose-margarita.html]
[www.menada-winery.com/attachments/Recipe/6/main/aperol_thumb-detail.jpg]
[www.menada-winery.com/en/recipes/spritz.html]
[www.menada-winery.com/attachments/Recipe/5/main/white-sangria_thumb-detail.jpg]
[www.menada-winery.com/en/recipes/white-sangria.html]
[www.menada-winery.com/attachments/Recipe/4/main/sangria_thumb-detail.jpg]
[www.menada-winery.com/en/recipes/red-sangria.html]
[www.menada-winery.com/attachments/Recipe/3/main/cooler_thumb-detail.jpg]
[www.menada-winery.com/en/recipes/wine-coolness.html]
[www.menada-winery.com/products/barrique-point/chardonnay.html]
[www.menada-winery.com/products/barrique-point/cabernet-sauvignon-and-malbec-and-syrah.html]
[www.menada-winery.com/products/barrique-point/barique-sauvignon-blanc-chardoney.html]
[www.menada-winery.com/products/barrique-point/syrah-cepage-reserve.html]
[www.menada-winery.com/products/barrique-point/barriique-point-rubin.html]
[www.menada-winery.com/products/barrique-point/merlot.html]
[www.menada-winery.com/products/barrique-point.html]
[www.menada-winery.com/products/tcherga/chardonnay-and-sauvignon-blanc-and-semillon.html]
[www.menada-winery.com/products/tcherga/chardonnay-and-sauvignon-blanc-and-semillon-small.html]
[www.menada-winery.com/products/tcherga/cabernet-sauvignon-cabernet-franc-and-malbec-small.html]
[www.menada-winery.com/products/tcherga/cabernet-sauvignon-and-merlot-and-syrah-small.html]
[www.menada-winery.com/products/tcherga/cabernet-sauvignon-and-cabernet-franc-and-malbec.html]
[www.menada-winery.com/products/tcherga/cabernet-sauvignon-and-merlot-and-syrah.html]
[www.menada-winery.com/products/tcherga/tcherga-fragment-sauvignon-blanc.html]
[www.menada-winery.com/products/tcherga/bag-in-box-shardone-sovinyon-blan-semiyon.html]
[www.menada-winery.com/products/tcherga/bag-in-box-kaberne-sovinyon-kaberne-fran-malbek.html]
[www.menada-winery.com/products/tcherga/bag-in-box-kaberne-sovinyon-merlo-sira.html]
[www.menada-winery.com/products/tcherga/bag-in-box-tcherga-fragment-sovinyon-blan.html]
[www.menada-winery.com/products/tcherga/tcherga-fragment-malbec.html]
[www.menada-winery.com/products/tcherga/tcherga-fragment-syrah.html]
[www.menada-winery.com/products/tcherga/bag-in-box-tcherga-fragment-sira.html]
[www.menada-winery.com/products/tcherga/chardonnay-and-sauvignon-blanc-and-viognier.html]
[www.menada-winery.com/products/tcherga/merlot-and-cabernet-sauvignon-and-rubin.html]
[www.menada-winery.com/products/menada/chardonnay.html]
[www.menada-winery.com/products/menada/traminer.html]
[www.menada-winery.com/products/menada/muscat.html]
[www.menada-winery.com/products/menada/sauvignon-blanc.html]
[www.menada-winery.com/products/menada/cabernet-sauvignon-rose.html]
[www.menada-winery.com/products/menada/mavrud.html]
[www.menada-winery.com/products/menada/merlot.html]
[www.menada-winery.com/products/menada/cabernet-sauvignon.html]
[www.menada-winery.com/products/menada/menada-traminer.html]
[www.menada-winery.com/products/menada/menada-byalo-sovinyon-blanc.html]
[www.menada-winery.com/products/menada/box-byalo-muskat.html]
[www.menada-winery.com/products/menada/box-byalo-shardone.html]
[www.menada-winery.com/products/menada/box-roze.html]
[www.menada-winery.com/products/menada/box-kaberne-sovinyon.html]
[www.menada-winery.com/products/menada/box-mavrud.html]
[www.menada-winery.com/products/menada/box-merlo.html]
[www.menada-winery.com/products/menada/chardonnay-small.html]
[www.menada-winery.com/products/menada/muscat-small.html]
[www.menada-winery.com/products/menada/sauvignon-blanc-small.html]
[www.menada-winery.com/products/menada/cabernet-sauvignon-rose-small.html]
[www.menada-winery.com/products/menada/merlot-small.html]
[www.menada-winery.com/products/menada/cabernet-sauvignon-small.html]
[www.menada-winery.com/products/albions-gin/albion-s-dry-gin-1000-ml.html]
[www.menada-winery.com/products/albions-gin/albion-s-dry-gin-700-ml.html]
[www.menada-winery.com/products/albions-gin/albion-s-dry-gin-200-ml.html]
[www.menada-winery.com/products/zaarska/mastic.html]
[www.menada-winery.com/products/zaarska/mint.html]
[www.menada-winery.com/products/tcherga-rakiq/Tcherga-rakia.html]
[www.menada-winery.com/products/tcherga-rakiq/dyadova-usukanitsa.html]
[www.menada-winery.com/products/tcherga-rakiq/dyadova-usukanitsa-otlejala-rakiya.html]
[www.menada-winery.com/products/tcherga-rakiq/dyadova-usukanitsa-mavrudova-spetsialna-rakiya.html]
[www.menada-winery.com/products/other/sacar-red-mavrud-cabernet-sauvignon.html]
[www.menada-winery.com/products/other/sakar-roze-kaberbe-sovinyon-kaberne-fran.html]
[www.menada-winery.com/products/other/sakar-byalo-shardone-vionie.html]
[www.menada-winery.com/products/other/uno-roze-ot-malbek.html]
[www.menada-winery.com/products/other/uno-white-muscat.html]
[www.menada-winery.com/products/other/uno-white-chardonnay.html]
[www.menada-winery.com/products/other/uno-red-merlot-malbec.html]
[www.menada-winery.com/products/other/uno-cherveno-kaberne-sovinyon.html]
[www.menada-winery.com/recipes/rose-with-strawberries.html]
[www.menada-winery.com/recipes/rose-margarita.html]
[www.menada-winery.com/recipes/spritz.html]
[www.menada-winery.com/recipes/white-sangria.html]
[www.menada-winery.com/recipes/red-sangria.html]
[www.menada-winery.com/recipes/wine-coolness.html]
[www.menada-winery.com/.html]
[www.menada-winery.com/attachments/Product/1/main/barique-point-white_thumb-detail.png]
[www.menada-winery.com/en/products/barrique-point/chardonnay.html]
[www.menada-winery.com/attachments/Product/2/main/barique-point-red_thumb-detail.png]
[www.menada-winery.com/en/products/barrique-point/cabernet-sauvignon-and-malbec-and-syrah.html]
[www.menada-winery.com/attachments/Product/48/main/barique-chardoney-sauvignon-blanc_thumb-detail.png]
[www.menada-winery.com/en/products/barrique-point/barique-sauvignon-blanc-chardoney.html]
[www.menada-winery.com/attachments/Product/49/main/barique-reserve_thumb-detail.png]
[www.menada-winery.com/en/products/barrique-point/syrah-cepage-reserve.html]
[www.menada-winery.com/attachments/Product/56/main/3D-Menada-BariquePoint-Rubin-2022_thumb-detail.png]
[www.menada-winery.com/en/products/barrique-point/barriique-point-rubin.html]
[www.menada-winery.com/attachments/Product/57/main/3D-Menada-BariquePoint-Merlot-2022_thumb-detail.png]
[www.menada-winery.com/en/products/barrique-point/merlot.html]
[www.menada-winery.com/products/barrique-point/chardonnay.html]
[www.menada-winery.com/products/barrique-point/cabernet-sauvignon-and-malbec-and-syrah.html]
[www.menada-winery.com/products/barrique-point/barique-sauvignon-blanc-chardoney.html]
[www.menada-winery.com/products/barrique-point/syrah-cepage-reserve.html]
[www.menada-winery.com/products/barrique-point/barriique-point-rubin.html]
[www.menada-winery.com/products/barrique-point/merlot.html]
[www.menada-winery.com/css/fonts/abril-fatface-v9-latin-ext_latin-regular.eot]
[www.menada-winery.com/css/fonts/abril-fatface-v9-latin-ext_latin-regulard41d.eot]
[www.menada-winery.com/css/fonts/abril-fatface-v9-latin-ext_latin-regular.woff2]
[www.google.com/recaptcha/api.js]
[www.menada-winery.com/css/fonts/abril-fatface-v9-latin-ext_latin-regular.woff]
[www.menada-winery.com/css/fonts/abril-fatface-v9-latin-ext_latin-regular.ttf]
[www.menada-winery.com/css/fonts/play-v9-latin_cyrillic_latin-ext_cyrillic-ext-regular.eot]
[www.menada-winery.com/css/fonts/play-v9-latin_cyrillic_latin-ext_cyrillic-ext-regulard41d.eot]
[www.menada-winery.com/css/fonts/play-v9-latin_cyrillic_latin-ext_cyrillic-ext-regular.woff2]
[www.menada-winery.com/css/fonts/play-v9-latin_cyrillic_latin-ext_cyrillic-ext-regular.woff]
[www.menada-winery.com/css/fonts/play-v9-latin_cyrillic_latin-ext_cyrillic-ext-regular.ttf]
[www.menada-winery.com/css/fonts/play-v9-latin_cyrillic_latin-ext_cyrillic-ext-700.eot]
[www.menada-winery.com/css/fonts/play-v9-latin_cyrillic_latin-ext_cyrillic-ext-700d41d.eot]
[www.menada-winery.com/css/fonts/play-v9-latin_cyrillic_latin-ext_cyrillic-ext-700.woff2]
[www.menada-winery.com/css/fonts/play-v9-latin_cyrillic_latin-ext_cyrillic-ext-700.woff]
[www.menada-winery.com/css/fonts/play-v9-latin_cyrillic_latin-ext_cyrillic-ext-700.ttf]
[www.menada-winery.com/images/homepage/history-bg-mobile.jpg]
[www.menada-winery.com/images/homepage/history-bg.jpg]
[www.menada-winery.com/css/style414b.css]
[www.menada-winery.com/images/cookies-image.svg]
[www.menada-winery.com/images/menu/tcherga-logo.svg]
[www.menada-winery.com/images/menu/menada.svg]
[www.menada-winery.com/en/products/menada.html]
[www.menada-winery.com/images/menu/dqdova-logo.svg]
[www.menada-winery.com/images/homepage/footer-phone.svg]
[www.menada-winery.com/images/menu/facebook.svg]
[www.menada-winery.com/images/homepage/video-player.svg]
[www.menada-winery.com/images/homepage/bottles.svg]
[www.menada-winery.com/images/homepage/tcherga_logo.svg]
[www.menada-winery.com/images/homepage/menada-symbol-bg.svg]
[www.menada-winery.com/images/homepage/menada-title.svg]
[www.menada-winery.com/en/terms.html]
[www.menada-winery.com/images/homepage/footer-mail.svg]
[www.menada-winery.com/images/homepage/footer-pin.svg]
[www.menada-winery.com/about.html]
[www.menada-winery.com/images/region/rain.svg]
[www.menada-winery.com/images/brands/tcherga-logo.svg]
[www.menada-winery.com/images/brands/menada-logo.svg]
[www.menada-winery.com/en/products/barrique-point.html]
[www.menada-winery.com/images/brands/barrique-point-logo.svg]
[www.menada-winery.com/images/brands/albions-gin-1.svg]
[www.menada-winery.com/en/products/tcherga/bag-in-box-shardone-sovinyon-blan-semiyon.html]
[www.menada-winery.com/en/products/tcherga/bag-in-box-kaberne-sovinyon-kaberne-fran-malbek.html]
[www.menada-winery.com/en/products/tcherga/bag-in-box-kaberne-sovinyon-merlo-sira.html]
[www.menada-winery.com/en/products/tcherga/bag-in-box-tcherga-fragment-sovinyon-blan.html]
[www.menada-winery.com/en/products/menada/menada-traminer.html]
[www.menada-winery.com/en/products/menada/menada-byalo-sovinyon-blanc.html]
[www.menada-winery.com/en/products/menada/box-byalo-muskat.html]
[www.menada-winery.com/en/products/menada/box-byalo-shardone.html]
[www.menada-winery.com/en/products/menada/box-roze.html]
[www.menada-winery.com/en/products/menada/box-kaberne-sovinyon.html]
[www.menada-winery.com/en/products/menada/box-mavrud.html]
[www.menada-winery.com/en/products/menada/box-merlo.html]
[www.menada-winery.com/en/products/tcherga-rakiq/Tcherga-rakia.html]
[www.menada-winery.com/en/products/tcherga-rakiq/dyadova-usukanitsa.html]
[www.menada-winery.com/en/products/tcherga-rakiq/dyadova-usukanitsa-otlejala-rakiya.html]
[www.menada-winery.com/en/products/tcherga-rakiq/dyadova-usukanitsa-mavrudova-spetsialna-rakiya.html]
[www.menada-winery.com/en/products/other/sacar-red-mavrud-cabernet-sauvignon.html]
[www.menada-winery.com/en/products/other/sakar-byalo-shardone-vionie.html]
[www.menada-winery.com/en/products/other/uno-roze-ot-malbek.html]
[www.menada-winery.com/images/lifestyle/tips-sun.svg]
[www.menada-winery.com/images/lifestyle/tips-clock.svg]
[www.menada-winery.com/images/lifestyle/tips-glass-white.svg]
[www.menada-winery.com/images/lifestyle/tips-kork.svg]
[www.menada-winery.com/images/lifestyle/tips-taste.svg]
[www.menada-winery.com/images/lifestyle/tips-glass-list.svg]
[www.menada-winery.com/images/lifestyle/tips-glass-red.svg]
[www.menada-winery.com/images/lifestyle/tips-ice.svg]
[www.menada-winery.com/images/contacts/success.svg]
[www.menada-winery.com/attachments/Textpage/9/main/DM-Internalrules-Whistleblowingact-clean.html]
[www.menada-winery.com/products/barrique-point.html]
[www.menada-winery.com/recipes/rose-with-strawberries.html]
[www.menada-winery.com/images/detail-product/red-glass-icon.svg]
[www.menada-winery.com/images/detail-product/nose-icon.svg]
[www.menada-winery.com/images/detail-product/grape-icon.svg]
[www.menada-winery.com/images/detail-product/salad.svg]
[www.menada-winery.com/images/detail-product/mushrooms.svg]
[www.menada-winery.com/images/detail-product/grain.svg]
[www.menada-winery.com/images/detail-product/fish.svg]
[www.menada-winery.com/images/detail-product/sea-food.svg]
[www.menada-winery.com/images/detail-product/eggs-and-chicken.svg]
[www.menada-winery.com/images/detail-product/sausages.svg]
[www.menada-winery.com/images/detail-product/hard-cheese.svg]
[www.menada-winery.com/images/detail-product/meat.svg]
[www.menada-winery.com/products/barrique-point/chardonnay.html]
[www.menada-winery.com/css/fonts/abril-fatface-v9-latin-ext_latin-regular.svg]
[www.menada-winery.com/css/fonts/play-v9-latin_cyrillic_latin-ext_cyrillic-ext-regular.svg]
[www.menada-winery.com/css/fonts/play-v9-latin_cyrillic_latin-ext_cyrillic-ext-700.svg]
